QA output created by 1219
Test 1 - qa_user
310f146ce52077fcd3308dcbe7632bb2  SCRATCH_MNT/a
666 -rw-rw-rw- SCRATCH_MNT/a
SCRATCH_MNT/a cap_setgid,cap_setuid=ep
3784de23efab7a2074c9ec66901e39e5  SCRATCH_MNT/a
666 -rw-rw-rw- SCRATCH_MNT/a
SCRATCH_MNT/a

Test 2 - root
310f146ce52077fcd3308dcbe7632bb2  SCRATCH_MNT/a
666 -rw-rw-rw- SCRATCH_MNT/a
SCRATCH_MNT/a cap_setgid,cap_setuid=ep
3784de23efab7a2074c9ec66901e39e5  SCRATCH_MNT/a
666 -rw-rw-rw- SCRATCH_MNT/a
SCRATCH_MNT/a

