QA output created by 832
ln: failed to create hard link 'SCRATCH_MNT/dir/yXXX': Disk quota exceeded
Silence is golden
