QA output created by 941
Format and mount
Create the original files
Compare files
bdbcf02ee0aa977795a79d25fcfdccb1  SCRATCH_MNT/test-941/file1
5a5221017d3ab8fd7583312a14d2ba80  SCRATCH_MNT/test-941/file2
5a5221017d3ab8fd7583312a14d2ba80  SCRATCH_MNT/test-941/file2.chk
6366fd359371414186688a0ef6988893  SCRATCH_MNT/test-941/file3
6366fd359371414186688a0ef6988893  SCRATCH_MNT/test-941/file3.chk
reflink across the transition
Compare files
bdbcf02ee0aa977795a79d25fcfdccb1  SCRATCH_MNT/test-941/file1
51a300aae3a4b4eaa023876a397e01ef  SCRATCH_MNT/test-941/file2
51a300aae3a4b4eaa023876a397e01ef  SCRATCH_MNT/test-941/file2.chk
7bf7a779a0a54647b41753206c5218b1  SCRATCH_MNT/test-941/file3
7bf7a779a0a54647b41753206c5218b1  SCRATCH_MNT/test-941/file3.chk
