QA output created by 942
Format and mount
Create the original files
Compare files
bdbcf02ee0aa977795a79d25fcfdccb1  SCRATCH_MNT/test-942/file1
5a5221017d3ab8fd7583312a14d2ba80  SCRATCH_MNT/test-942/file2
6366fd359371414186688a0ef6988893  SCRATCH_MNT/test-942/file3
6366fd359371414186688a0ef6988893  SCRATCH_MNT/test-942/file3.chk
reflink across the transition
Compare files
bdbcf02ee0aa977795a79d25fcfdccb1  SCRATCH_MNT/test-942/file1
5a5221017d3ab8fd7583312a14d2ba80  SCRATCH_MNT/test-942/file2
52bb341f992de6ef4bf5e5d61177eddc  SCRATCH_MNT/test-942/file3
52bb341f992de6ef4bf5e5d61177eddc  SCRATCH_MNT/test-942/file3.chk
