QA output created by 1503
Format and populate
Fuzz AGI
Done fuzzing AGI
