QA output created by 1530
Format and populate
Fuzz refcountbt
numrecs = lastbit: offline scrub didn't fail.
numrecs = lastbit: online scrub didn't fail.
leftsib = add: offline scrub didn't fail.
rightsib = ones: offline scrub didn't fail.
rightsib = middlebit: offline scrub didn't fail.
rightsib = lastbit: offline scrub didn't fail.
rightsib = add: offline scrub didn't fail.
Done fuzzing refcountbt
