QA output created by 1538
Format and populate
Fuzz rtrefcountbt recs
Done fuzzing rtrefcountbt recs
