QA output created by 1566
Format and populate
Fuzz rtbitmap
Done fuzzing rtbitmap
