QA output created by 1571
Format and populate
Fuzz inobt
Done fuzzing inobt
