QA output created by 1572
Format and populate
Fuzz inobt
Done fuzzing inobt
