QA output created by 173
# testing 65 16 34 8 2 1 1 fail ....
# streaming
# sync AGs...
# checking stream AGs...
+ expected failure, matching AGs
# testing 65 16 32 8 2 0 1 ....
# streaming
# sync AGs...
# checking stream AGs...
+ passed, streams are in seperate AGs
# testing 65 16 34 8 2 0 0 fail ....
# streaming
# sync AGs...
# checking stream AGs...
+ expected failure, matching AGs
# testing 65 16 32 8 2 1 0 ....
# streaming
# sync AGs...
# checking stream AGs...
+ passed, streams are in seperate AGs
