QA output created by 1873
+ Part 1: See if scrub can recover the unlinked list
+ Part 2: Corrupt the first inode in the bucket
+ Part 3: Corrupt the middle inode in the bucket
+ Part 4: Corrupt the last inode in the bucket
Silence is golden
