QA output created by 1876
Format and populate
copy
recopy
