QA output created by 380
Format and populate
Find bmbt block
Fuzz bmbt
scrub didn't fail with lsn = zeroes.
scrub didn't fail with lsn = ones.
online re-scrub (1) with lsn = firstbit.
online re-scrub (1) with lsn = middlebit.
scrub didn't fail with lsn = lastbit.
scrub didn't fail with lsn = add.
scrub didn't fail with lsn = sub.
Done fuzzing bmbt
