QA output created by 387
Format and populate
Find data-format dir block
Fuzz data-format dir block
online repair failed (1) with bu[0].inumber = ones.
offline re-scrub (1) with bu[0].inumber = ones.
online re-scrub (1) with bu[0].inumber = ones.
re-repair failed (1) with bu[0].inumber = ones.
online repair failed (1) with bu[0].namelen = ones.
offline re-scrub (1) with bu[0].namelen = ones.
online re-scrub (1) with bu[0].namelen = ones.
re-repair failed (1) with bu[0].namelen = ones.
online repair failed (1) with bu[0].namelen = firstbit.
offline re-scrub (1) with bu[0].namelen = firstbit.
online re-scrub (1) with bu[0].namelen = firstbit.
re-repair failed (1) with bu[0].namelen = firstbit.
online repair failed (1) with bu[0].namelen = middlebit.
offline re-scrub (1) with bu[0].namelen = middlebit.
online re-scrub (1) with bu[0].namelen = middlebit.
re-repair failed (1) with bu[0].namelen = middlebit.
online repair failed (1) with bu[0].namelen = add.
offline re-scrub (1) with bu[0].namelen = add.
online re-scrub (1) with bu[0].namelen = add.
re-repair failed (1) with bu[0].namelen = add.
online repair failed (1) with bu[0].namelen = sub.
offline re-scrub (1) with bu[0].namelen = sub.
online re-scrub (1) with bu[0].namelen = sub.
re-repair failed (1) with bu[0].namelen = sub.
online repair failed (1) with bu[1].inumber = zeroes.
offline re-scrub (1) with bu[1].inumber = zeroes.
online re-scrub (1) with bu[1].inumber = zeroes.
re-repair failed (1) with bu[1].inumber = zeroes.
online repair failed (1) with bu[1].inumber = ones.
offline re-scrub (1) with bu[1].inumber = ones.
online re-scrub (1) with bu[1].inumber = ones.
re-repair failed (1) with bu[1].inumber = ones.
online repair failed (1) with bu[1].inumber = firstbit.
offline re-scrub (1) with bu[1].inumber = firstbit.
online re-scrub (1) with bu[1].inumber = firstbit.
re-repair failed (1) with bu[1].inumber = firstbit.
online repair failed (1) with bu[1].inumber = middlebit.
offline re-scrub (1) with bu[1].inumber = middlebit.
online re-scrub (1) with bu[1].inumber = middlebit.
re-repair failed (1) with bu[1].inumber = middlebit.
online repair failed (1) with bu[1].inumber = lastbit.
offline re-scrub (1) with bu[1].inumber = lastbit.
online re-scrub (1) with bu[1].inumber = lastbit.
re-repair failed (1) with bu[1].inumber = lastbit.
online repair failed (1) with bu[1].inumber = add.
offline re-scrub (1) with bu[1].inumber = add.
online re-scrub (1) with bu[1].inumber = add.
re-repair failed (1) with bu[1].inumber = add.
online repair failed (1) with bu[1].inumber = sub.
offline re-scrub (1) with bu[1].inumber = sub.
online re-scrub (1) with bu[1].inumber = sub.
re-repair failed (1) with bu[1].inumber = sub.
online repair failed (1) with bu[1].namelen = zeroes.
offline re-scrub (1) with bu[1].namelen = zeroes.
online re-scrub (1) with bu[1].namelen = zeroes.
re-repair failed (1) with bu[1].namelen = zeroes.
online repair failed (1) with bu[1].namelen = ones.
offline re-scrub (1) with bu[1].namelen = ones.
online re-scrub (1) with bu[1].namelen = ones.
re-repair failed (1) with bu[1].namelen = ones.
online repair failed (1) with bu[1].namelen = firstbit.
offline re-scrub (1) with bu[1].namelen = firstbit.
online re-scrub (1) with bu[1].namelen = firstbit.
re-repair failed (1) with bu[1].namelen = firstbit.
online repair failed (1) with bu[1].namelen = middlebit.
offline re-scrub (1) with bu[1].namelen = middlebit.
online re-scrub (1) with bu[1].namelen = middlebit.
re-repair failed (1) with bu[1].namelen = middlebit.
online repair failed (1) with bu[1].namelen = lastbit.
offline re-scrub (1) with bu[1].namelen = lastbit.
online re-scrub (1) with bu[1].namelen = lastbit.
re-repair failed (1) with bu[1].namelen = lastbit.
online repair failed (1) with bu[1].namelen = add.
offline re-scrub (1) with bu[1].namelen = add.
online re-scrub (1) with bu[1].namelen = add.
re-repair failed (1) with bu[1].namelen = add.
online repair failed (1) with bu[1].namelen = sub.
offline re-scrub (1) with bu[1].namelen = sub.
online re-scrub (1) with bu[1].namelen = sub.
re-repair failed (1) with bu[1].namelen = sub.
online repair failed (1) with bu[1].name = zeroes.
offline re-scrub (1) with bu[1].name = zeroes.
online re-scrub (1) with bu[1].name = zeroes.
re-repair failed (1) with bu[1].name = zeroes.
online repair failed (1) with bu[1].name = ones.
offline re-scrub (1) with bu[1].name = ones.
online re-scrub (1) with bu[1].name = ones.
re-repair failed (1) with bu[1].name = ones.
online repair failed (1) with bu[1].name = firstbit.
offline re-scrub (1) with bu[1].name = firstbit.
online re-scrub (1) with bu[1].name = firstbit.
re-repair failed (1) with bu[1].name = firstbit.
online repair failed (1) with bu[1].name = middlebit.
offline re-scrub (1) with bu[1].name = middlebit.
online re-scrub (1) with bu[1].name = middlebit.
re-repair failed (1) with bu[1].name = middlebit.
online repair failed (1) with bu[1].name = lastbit.
offline re-scrub (1) with bu[1].name = lastbit.
online re-scrub (1) with bu[1].name = lastbit.
re-repair failed (1) with bu[1].name = lastbit.
online repair failed (1) with bu[1].name = add.
offline re-scrub (1) with bu[1].name = add.
online re-scrub (1) with bu[1].name = add.
re-repair failed (1) with bu[1].name = add.
online repair failed (1) with bu[1].name = sub.
offline re-scrub (1) with bu[1].name = sub.
online re-scrub (1) with bu[1].name = sub.
re-repair failed (1) with bu[1].name = sub.
offline re-scrub (1) with bu[2].inumber = zeroes.
re-repair failed (1) with bu[2].inumber = zeroes.
online repair failed (1) with bu[2].inumber = ones.
offline re-scrub (1) with bu[2].inumber = ones.
online re-scrub (1) with bu[2].inumber = ones.
re-repair failed (1) with bu[2].inumber = ones.
offline re-scrub (1) with bu[2].inumber = firstbit.
re-repair failed (1) with bu[2].inumber = firstbit.
offline re-scrub (1) with bu[2].inumber = middlebit.
re-repair failed (1) with bu[2].inumber = middlebit.
offline re-scrub (1) with bu[2].inumber = lastbit.
re-repair failed (1) with bu[2].inumber = lastbit.
offline re-scrub (1) with bu[2].inumber = add.
re-repair failed (1) with bu[2].inumber = add.
offline re-scrub (1) with bu[2].inumber = sub.
re-repair failed (1) with bu[2].inumber = sub.
online repair failed (1) with bu[2].namelen = zeroes.
offline re-scrub (1) with bu[2].namelen = zeroes.
online re-scrub (1) with bu[2].namelen = zeroes.
re-repair failed (1) with bu[2].namelen = zeroes.
online repair failed (1) with bu[2].namelen = ones.
offline re-scrub (1) with bu[2].namelen = ones.
online re-scrub (1) with bu[2].namelen = ones.
re-repair failed (1) with bu[2].namelen = ones.
online repair failed (1) with bu[2].namelen = firstbit.
offline re-scrub (1) with bu[2].namelen = firstbit.
online re-scrub (1) with bu[2].namelen = firstbit.
re-repair failed (1) with bu[2].namelen = firstbit.
online repair failed (1) with bu[2].namelen = middlebit.
offline re-scrub (1) with bu[2].namelen = middlebit.
online re-scrub (1) with bu[2].namelen = middlebit.
re-repair failed (1) with bu[2].namelen = middlebit.
online repair failed (1) with bu[2].namelen = add.
offline re-scrub (1) with bu[2].namelen = add.
online re-scrub (1) with bu[2].namelen = add.
re-repair failed (1) with bu[2].namelen = add.
online repair failed (1) with bu[2].namelen = sub.
offline re-scrub (1) with bu[2].namelen = sub.
online re-scrub (1) with bu[2].namelen = sub.
re-repair failed (1) with bu[2].namelen = sub.
offline re-scrub (1) with bu[2].name = zeroes.
re-repair failed (1) with bu[2].name = zeroes.
online repair failed (1) with bu[2].name = lastbit.
offline re-scrub (1) with bu[2].name = lastbit.
online re-scrub (1) with bu[2].name = lastbit.
online repair failed (1) with bu[3].inumber = zeroes.
offline re-scrub (1) with bu[3].inumber = zeroes.
online re-scrub (1) with bu[3].inumber = zeroes.
re-repair failed (1) with bu[3].inumber = zeroes.
online repair failed (1) with bu[3].inumber = ones.
offline re-scrub (1) with bu[3].inumber = ones.
online re-scrub (1) with bu[3].inumber = ones.
re-repair failed (1) with bu[3].inumber = ones.
online repair failed (1) with bu[3].inumber = firstbit.
offline re-scrub (1) with bu[3].inumber = firstbit.
online re-scrub (1) with bu[3].inumber = firstbit.
re-repair failed (1) with bu[3].inumber = firstbit.
online repair failed (1) with bu[3].inumber = middlebit.
offline re-scrub (1) with bu[3].inumber = middlebit.
online re-scrub (1) with bu[3].inumber = middlebit.
re-repair failed (1) with bu[3].inumber = middlebit.
online repair failed (1) with bu[3].inumber = lastbit.
offline re-scrub (1) with bu[3].inumber = lastbit.
online re-scrub (1) with bu[3].inumber = lastbit.
re-repair failed (1) with bu[3].inumber = lastbit.
online repair failed (1) with bu[3].inumber = add.
offline re-scrub (1) with bu[3].inumber = add.
online re-scrub (1) with bu[3].inumber = add.
re-repair failed (1) with bu[3].inumber = add.
online repair failed (1) with bu[3].inumber = sub.
offline re-scrub (1) with bu[3].inumber = sub.
online re-scrub (1) with bu[3].inumber = sub.
re-repair failed (1) with bu[3].inumber = sub.
online repair failed (1) with bu[3].namelen = zeroes.
offline re-scrub (1) with bu[3].namelen = zeroes.
online re-scrub (1) with bu[3].namelen = zeroes.
re-repair failed (1) with bu[3].namelen = zeroes.
online repair failed (1) with bu[3].namelen = ones.
offline re-scrub (1) with bu[3].namelen = ones.
online re-scrub (1) with bu[3].namelen = ones.
re-repair failed (1) with bu[3].namelen = ones.
online repair failed (1) with bu[3].namelen = firstbit.
offline re-scrub (1) with bu[3].namelen = firstbit.
online re-scrub (1) with bu[3].namelen = firstbit.
re-repair failed (1) with bu[3].namelen = firstbit.
online repair failed (1) with bu[3].namelen = middlebit.
offline re-scrub (1) with bu[3].namelen = middlebit.
online re-scrub (1) with bu[3].namelen = middlebit.
re-repair failed (1) with bu[3].namelen = middlebit.
online repair failed (1) with bu[3].namelen = add.
offline re-scrub (1) with bu[3].namelen = add.
online re-scrub (1) with bu[3].namelen = add.
re-repair failed (1) with bu[3].namelen = add.
online repair failed (1) with bu[3].namelen = sub.
offline re-scrub (1) with bu[3].namelen = sub.
online re-scrub (1) with bu[3].namelen = sub.
re-repair failed (1) with bu[3].namelen = sub.
offline re-scrub (1) with bu[3].name = zeroes.
online re-scrub (1) with bu[3].name = zeroes.
re-repair failed (1) with bu[3].name = zeroes.
online repair failed (1) with bu[3].name = lastbit.
offline re-scrub (1) with bu[3].name = lastbit.
online re-scrub (1) with bu[3].name = lastbit.
offline re-scrub (1) with bu[4].inumber = zeroes.
online re-scrub (1) with bu[4].inumber = zeroes.
re-repair failed (1) with bu[4].inumber = zeroes.
online repair failed (1) with bu[4].inumber = ones.
offline re-scrub (1) with bu[4].inumber = ones.
online re-scrub (1) with bu[4].inumber = ones.
re-repair failed (1) with bu[4].inumber = ones.
offline re-scrub (1) with bu[4].inumber = firstbit.
online re-scrub (1) with bu[4].inumber = firstbit.
re-repair failed (1) with bu[4].inumber = firstbit.
offline re-scrub (1) with bu[4].inumber = middlebit.
online re-scrub (1) with bu[4].inumber = middlebit.
re-repair failed (1) with bu[4].inumber = middlebit.
online repair failed (1) with bu[4].inumber = lastbit.
offline re-scrub (1) with bu[4].inumber = lastbit.
online re-scrub (1) with bu[4].inumber = lastbit.
re-repair failed (1) with bu[4].inumber = lastbit.
online repair failed (1) with bu[4].inumber = add.
offline re-scrub (1) with bu[4].inumber = add.
online re-scrub (1) with bu[4].inumber = add.
re-repair failed (1) with bu[4].inumber = add.
online repair failed (1) with bu[4].inumber = sub.
offline re-scrub (1) with bu[4].inumber = sub.
online re-scrub (1) with bu[4].inumber = sub.
re-repair failed (1) with bu[4].inumber = sub.
online repair failed (1) with bu[4].namelen = zeroes.
offline re-scrub (1) with bu[4].namelen = zeroes.
online re-scrub (1) with bu[4].namelen = zeroes.
re-repair failed (1) with bu[4].namelen = zeroes.
online repair failed (1) with bu[4].namelen = ones.
offline re-scrub (1) with bu[4].namelen = ones.
online re-scrub (1) with bu[4].namelen = ones.
re-repair failed (1) with bu[4].namelen = ones.
online repair failed (1) with bu[4].namelen = firstbit.
offline re-scrub (1) with bu[4].namelen = firstbit.
online re-scrub (1) with bu[4].namelen = firstbit.
re-repair failed (1) with bu[4].namelen = firstbit.
online repair failed (1) with bu[4].namelen = middlebit.
offline re-scrub (1) with bu[4].namelen = middlebit.
online re-scrub (1) with bu[4].namelen = middlebit.
re-repair failed (1) with bu[4].namelen = middlebit.
online repair failed (1) with bu[4].namelen = add.
offline re-scrub (1) with bu[4].namelen = add.
online re-scrub (1) with bu[4].namelen = add.
re-repair failed (1) with bu[4].namelen = add.
online repair failed (1) with bu[4].namelen = sub.
offline re-scrub (1) with bu[4].namelen = sub.
online re-scrub (1) with bu[4].namelen = sub.
re-repair failed (1) with bu[4].namelen = sub.
offline re-scrub (1) with bu[4].name = zeroes.
online re-scrub (1) with bu[4].name = zeroes.
re-repair failed (1) with bu[4].name = zeroes.
online repair failed (1) with bu[4].name = lastbit.
offline re-scrub (1) with bu[4].name = lastbit.
online re-scrub (1) with bu[4].name = lastbit.
re-repair failed (1) with bu[4].name = lastbit.
offline re-scrub (1) with bu[5].inumber = zeroes.
online re-scrub (1) with bu[5].inumber = zeroes.
re-repair failed (1) with bu[5].inumber = zeroes.
online repair failed (1) with bu[5].inumber = ones.
offline re-scrub (1) with bu[5].inumber = ones.
online re-scrub (1) with bu[5].inumber = ones.
re-repair failed (1) with bu[5].inumber = ones.
offline re-scrub (1) with bu[5].inumber = firstbit.
online re-scrub (1) with bu[5].inumber = firstbit.
re-repair failed (1) with bu[5].inumber = firstbit.
offline re-scrub (1) with bu[5].inumber = middlebit.
online re-scrub (1) with bu[5].inumber = middlebit.
re-repair failed (1) with bu[5].inumber = middlebit.
online repair failed (1) with bu[5].inumber = lastbit.
offline re-scrub (1) with bu[5].inumber = lastbit.
online re-scrub (1) with bu[5].inumber = lastbit.
re-repair failed (1) with bu[5].inumber = lastbit.
online repair failed (1) with bu[5].inumber = add.
offline re-scrub (1) with bu[5].inumber = add.
online re-scrub (1) with bu[5].inumber = add.
re-repair failed (1) with bu[5].inumber = add.
offline re-scrub (1) with bu[5].inumber = sub.
online re-scrub (1) with bu[5].inumber = sub.
re-repair failed (1) with bu[5].inumber = sub.
online repair failed (1) with bu[5].namelen = zeroes.
offline re-scrub (1) with bu[5].namelen = zeroes.
online re-scrub (1) with bu[5].namelen = zeroes.
re-repair failed (1) with bu[5].namelen = zeroes.
online repair failed (1) with bu[5].namelen = ones.
offline re-scrub (1) with bu[5].namelen = ones.
online re-scrub (1) with bu[5].namelen = ones.
re-repair failed (1) with bu[5].namelen = ones.
online repair failed (1) with bu[5].namelen = firstbit.
offline re-scrub (1) with bu[5].namelen = firstbit.
online re-scrub (1) with bu[5].namelen = firstbit.
re-repair failed (1) with bu[5].namelen = firstbit.
online repair failed (1) with bu[5].namelen = middlebit.
offline re-scrub (1) with bu[5].namelen = middlebit.
online re-scrub (1) with bu[5].namelen = middlebit.
re-repair failed (1) with bu[5].namelen = middlebit.
online repair failed (1) with bu[5].namelen = add.
offline re-scrub (1) with bu[5].namelen = add.
online re-scrub (1) with bu[5].namelen = add.
re-repair failed (1) with bu[5].namelen = add.
online repair failed (1) with bu[5].namelen = sub.
offline re-scrub (1) with bu[5].namelen = sub.
online re-scrub (1) with bu[5].namelen = sub.
re-repair failed (1) with bu[5].namelen = sub.
offline re-scrub (1) with bu[5].name = zeroes.
online re-scrub (1) with bu[5].name = zeroes.
re-repair failed (1) with bu[5].name = zeroes.
online repair failed (1) with bu[5].name = lastbit.
offline re-scrub (1) with bu[5].name = lastbit.
online re-scrub (1) with bu[5].name = lastbit.
re-repair failed (1) with bu[5].name = lastbit.
online repair failed (1) with bu[6].inumber = zeroes.
offline re-scrub (1) with bu[6].inumber = zeroes.
online re-scrub (1) with bu[6].inumber = zeroes.
re-repair failed (1) with bu[6].inumber = zeroes.
online repair failed (1) with bu[6].inumber = ones.
offline re-scrub (1) with bu[6].inumber = ones.
online re-scrub (1) with bu[6].inumber = ones.
re-repair failed (1) with bu[6].inumber = ones.
online repair failed (1) with bu[6].inumber = firstbit.
offline re-scrub (1) with bu[6].inumber = firstbit.
online re-scrub (1) with bu[6].inumber = firstbit.
re-repair failed (1) with bu[6].inumber = firstbit.
online repair failed (1) with bu[6].inumber = middlebit.
offline re-scrub (1) with bu[6].inumber = middlebit.
online re-scrub (1) with bu[6].inumber = middlebit.
re-repair failed (1) with bu[6].inumber = middlebit.
online repair failed (1) with bu[6].inumber = lastbit.
offline re-scrub (1) with bu[6].inumber = lastbit.
online re-scrub (1) with bu[6].inumber = lastbit.
re-repair failed (1) with bu[6].inumber = lastbit.
online repair failed (1) with bu[6].inumber = add.
offline re-scrub (1) with bu[6].inumber = add.
online re-scrub (1) with bu[6].inumber = add.
re-repair failed (1) with bu[6].inumber = add.
online repair failed (1) with bu[6].inumber = sub.
offline re-scrub (1) with bu[6].inumber = sub.
online re-scrub (1) with bu[6].inumber = sub.
re-repair failed (1) with bu[6].inumber = sub.
online repair failed (1) with bu[6].namelen = zeroes.
offline re-scrub (1) with bu[6].namelen = zeroes.
online re-scrub (1) with bu[6].namelen = zeroes.
re-repair failed (1) with bu[6].namelen = zeroes.
online repair failed (1) with bu[6].namelen = ones.
offline re-scrub (1) with bu[6].namelen = ones.
online re-scrub (1) with bu[6].namelen = ones.
re-repair failed (1) with bu[6].namelen = ones.
online repair failed (1) with bu[6].namelen = firstbit.
offline re-scrub (1) with bu[6].namelen = firstbit.
online re-scrub (1) with bu[6].namelen = firstbit.
re-repair failed (1) with bu[6].namelen = firstbit.
online repair failed (1) with bu[6].namelen = middlebit.
offline re-scrub (1) with bu[6].namelen = middlebit.
online re-scrub (1) with bu[6].namelen = middlebit.
re-repair failed (1) with bu[6].namelen = middlebit.
online repair failed (1) with bu[6].namelen = add.
offline re-scrub (1) with bu[6].namelen = add.
online re-scrub (1) with bu[6].namelen = add.
re-repair failed (1) with bu[6].namelen = add.
online repair failed (1) with bu[6].namelen = sub.
offline re-scrub (1) with bu[6].namelen = sub.
online re-scrub (1) with bu[6].namelen = sub.
re-repair failed (1) with bu[6].namelen = sub.
offline re-scrub (1) with bu[6].name = zeroes.
online re-scrub (1) with bu[6].name = zeroes.
re-repair failed (1) with bu[6].name = zeroes.
online repair failed (1) with bu[6].name = lastbit.
offline re-scrub (1) with bu[6].name = lastbit.
online re-scrub (1) with bu[6].name = lastbit.
re-repair failed (1) with bu[6].name = lastbit.
online repair failed (1) with bu[7].inumber = zeroes.
offline re-scrub (1) with bu[7].inumber = zeroes.
online re-scrub (1) with bu[7].inumber = zeroes.
re-repair failed (1) with bu[7].inumber = zeroes.
online repair failed (1) with bu[7].inumber = ones.
offline re-scrub (1) with bu[7].inumber = ones.
online re-scrub (1) with bu[7].inumber = ones.
re-repair failed (1) with bu[7].inumber = ones.
online repair failed (1) with bu[7].inumber = firstbit.
offline re-scrub (1) with bu[7].inumber = firstbit.
online re-scrub (1) with bu[7].inumber = firstbit.
re-repair failed (1) with bu[7].inumber = firstbit.
online repair failed (1) with bu[7].inumber = middlebit.
offline re-scrub (1) with bu[7].inumber = middlebit.
online re-scrub (1) with bu[7].inumber = middlebit.
re-repair failed (1) with bu[7].inumber = middlebit.
online repair failed (1) with bu[7].inumber = lastbit.
offline re-scrub (1) with bu[7].inumber = lastbit.
online re-scrub (1) with bu[7].inumber = lastbit.
re-repair failed (1) with bu[7].inumber = lastbit.
online repair failed (1) with bu[7].inumber = add.
offline re-scrub (1) with bu[7].inumber = add.
online re-scrub (1) with bu[7].inumber = add.
re-repair failed (1) with bu[7].inumber = add.
online repair failed (1) with bu[7].inumber = sub.
offline re-scrub (1) with bu[7].inumber = sub.
online re-scrub (1) with bu[7].inumber = sub.
re-repair failed (1) with bu[7].inumber = sub.
online repair failed (1) with bu[7].namelen = zeroes.
offline re-scrub (1) with bu[7].namelen = zeroes.
online re-scrub (1) with bu[7].namelen = zeroes.
re-repair failed (1) with bu[7].namelen = zeroes.
online repair failed (1) with bu[7].namelen = ones.
offline re-scrub (1) with bu[7].namelen = ones.
online re-scrub (1) with bu[7].namelen = ones.
re-repair failed (1) with bu[7].namelen = ones.
online repair failed (1) with bu[7].namelen = firstbit.
offline re-scrub (1) with bu[7].namelen = firstbit.
online re-scrub (1) with bu[7].namelen = firstbit.
re-repair failed (1) with bu[7].namelen = firstbit.
online repair failed (1) with bu[7].namelen = middlebit.
offline re-scrub (1) with bu[7].namelen = middlebit.
online re-scrub (1) with bu[7].namelen = middlebit.
re-repair failed (1) with bu[7].namelen = middlebit.
online repair failed (1) with bu[7].namelen = add.
offline re-scrub (1) with bu[7].namelen = add.
online re-scrub (1) with bu[7].namelen = add.
re-repair failed (1) with bu[7].namelen = add.
online repair failed (1) with bu[7].namelen = sub.
offline re-scrub (1) with bu[7].namelen = sub.
online re-scrub (1) with bu[7].namelen = sub.
re-repair failed (1) with bu[7].namelen = sub.
offline re-scrub (1) with bu[7].name = zeroes.
online re-scrub (1) with bu[7].name = zeroes.
re-repair failed (1) with bu[7].name = zeroes.
online repair failed (1) with bu[7].name = lastbit.
offline re-scrub (1) with bu[7].name = lastbit.
online re-scrub (1) with bu[7].name = lastbit.
re-repair failed (1) with bu[7].name = lastbit.
offline re-scrub (1) with bu[8].inumber = zeroes.
online re-scrub (1) with bu[8].inumber = zeroes.
re-repair failed (1) with bu[8].inumber = zeroes.
online repair failed (1) with bu[8].inumber = ones.
offline re-scrub (1) with bu[8].inumber = ones.
online re-scrub (1) with bu[8].inumber = ones.
re-repair failed (1) with bu[8].inumber = ones.
offline re-scrub (1) with bu[8].inumber = firstbit.
online re-scrub (1) with bu[8].inumber = firstbit.
re-repair failed (1) with bu[8].inumber = firstbit.
offline re-scrub (1) with bu[8].inumber = middlebit.
online re-scrub (1) with bu[8].inumber = middlebit.
re-repair failed (1) with bu[8].inumber = middlebit.
online repair failed (1) with bu[8].inumber = lastbit.
offline re-scrub (1) with bu[8].inumber = lastbit.
online re-scrub (1) with bu[8].inumber = lastbit.
re-repair failed (1) with bu[8].inumber = lastbit.
online repair failed (1) with bu[8].inumber = add.
offline re-scrub (1) with bu[8].inumber = add.
online re-scrub (1) with bu[8].inumber = add.
re-repair failed (1) with bu[8].inumber = add.
online repair failed (1) with bu[8].inumber = sub.
offline re-scrub (1) with bu[8].inumber = sub.
online re-scrub (1) with bu[8].inumber = sub.
re-repair failed (1) with bu[8].inumber = sub.
online repair failed (1) with bu[8].namelen = zeroes.
offline re-scrub (1) with bu[8].namelen = zeroes.
online re-scrub (1) with bu[8].namelen = zeroes.
re-repair failed (1) with bu[8].namelen = zeroes.
online repair failed (1) with bu[8].namelen = ones.
offline re-scrub (1) with bu[8].namelen = ones.
online re-scrub (1) with bu[8].namelen = ones.
re-repair failed (1) with bu[8].namelen = ones.
online repair failed (1) with bu[8].namelen = firstbit.
offline re-scrub (1) with bu[8].namelen = firstbit.
online re-scrub (1) with bu[8].namelen = firstbit.
re-repair failed (1) with bu[8].namelen = firstbit.
online repair failed (1) with bu[8].namelen = middlebit.
offline re-scrub (1) with bu[8].namelen = middlebit.
online re-scrub (1) with bu[8].namelen = middlebit.
re-repair failed (1) with bu[8].namelen = middlebit.
online repair failed (1) with bu[8].namelen = add.
offline re-scrub (1) with bu[8].namelen = add.
online re-scrub (1) with bu[8].namelen = add.
re-repair failed (1) with bu[8].namelen = add.
online repair failed (1) with bu[8].namelen = sub.
offline re-scrub (1) with bu[8].namelen = sub.
online re-scrub (1) with bu[8].namelen = sub.
re-repair failed (1) with bu[8].namelen = sub.
offline re-scrub (1) with bu[8].name = zeroes.
online re-scrub (1) with bu[8].name = zeroes.
re-repair failed (1) with bu[8].name = zeroes.
online repair failed (1) with bu[8].name = lastbit.
offline re-scrub (1) with bu[8].name = lastbit.
online re-scrub (1) with bu[8].name = lastbit.
re-repair failed (1) with bu[8].name = lastbit.
offline re-scrub (1) with bu[9].inumber = zeroes.
online re-scrub (1) with bu[9].inumber = zeroes.
re-repair failed (1) with bu[9].inumber = zeroes.
online repair failed (1) with bu[9].inumber = ones.
offline re-scrub (1) with bu[9].inumber = ones.
online re-scrub (1) with bu[9].inumber = ones.
re-repair failed (1) with bu[9].inumber = ones.
offline re-scrub (1) with bu[9].inumber = firstbit.
online re-scrub (1) with bu[9].inumber = firstbit.
re-repair failed (1) with bu[9].inumber = firstbit.
offline re-scrub (1) with bu[9].inumber = middlebit.
online re-scrub (1) with bu[9].inumber = middlebit.
re-repair failed (1) with bu[9].inumber = middlebit.
online repair failed (1) with bu[9].inumber = lastbit.
offline re-scrub (1) with bu[9].inumber = lastbit.
online re-scrub (1) with bu[9].inumber = lastbit.
re-repair failed (1) with bu[9].inumber = lastbit.
online repair failed (1) with bu[9].inumber = add.
offline re-scrub (1) with bu[9].inumber = add.
online re-scrub (1) with bu[9].inumber = add.
re-repair failed (1) with bu[9].inumber = add.
offline re-scrub (1) with bu[9].inumber = sub.
online re-scrub (1) with bu[9].inumber = sub.
re-repair failed (1) with bu[9].inumber = sub.
online repair failed (1) with bu[9].namelen = zeroes.
offline re-scrub (1) with bu[9].namelen = zeroes.
online re-scrub (1) with bu[9].namelen = zeroes.
re-repair failed (1) with bu[9].namelen = zeroes.
online repair failed (1) with bu[9].namelen = ones.
offline re-scrub (1) with bu[9].namelen = ones.
online re-scrub (1) with bu[9].namelen = ones.
re-repair failed (1) with bu[9].namelen = ones.
online repair failed (1) with bu[9].namelen = firstbit.
offline re-scrub (1) with bu[9].namelen = firstbit.
online re-scrub (1) with bu[9].namelen = firstbit.
re-repair failed (1) with bu[9].namelen = firstbit.
online repair failed (1) with bu[9].namelen = middlebit.
offline re-scrub (1) with bu[9].namelen = middlebit.
online re-scrub (1) with bu[9].namelen = middlebit.
re-repair failed (1) with bu[9].namelen = middlebit.
online repair failed (1) with bu[9].namelen = add.
offline re-scrub (1) with bu[9].namelen = add.
online re-scrub (1) with bu[9].namelen = add.
re-repair failed (1) with bu[9].namelen = add.
online repair failed (1) with bu[9].namelen = sub.
offline re-scrub (1) with bu[9].namelen = sub.
online re-scrub (1) with bu[9].namelen = sub.
re-repair failed (1) with bu[9].namelen = sub.
offline re-scrub (1) with bu[9].name = zeroes.
online re-scrub (1) with bu[9].name = zeroes.
re-repair failed (1) with bu[9].name = zeroes.
online repair failed (1) with bu[9].name = lastbit.
offline re-scrub (1) with bu[9].name = lastbit.
online re-scrub (1) with bu[9].name = lastbit.
re-repair failed (1) with bu[9].name = lastbit.
Done fuzzing data-format dir block
