QA output created by 417
Format and populate
Find local-format symlink inode
Fuzz inode
core.mode = zeroes: online repair failed (1).
core.mode = zeroes: online re-scrub failed (5).
core.mode = zeroes: offline re-scrub failed (1).
core.mode = zeroes: online post-mod scrub failed (1).
core.mode = zeroes: offline post-mod scrub failed (1).
core.mode = middlebit: online scrub didn't fail.
core.mode = lastbit: online scrub didn't fail.
core.mode = add: online scrub didn't fail.
core.onlink = ones: online scrub didn't fail.
core.onlink = ones: offline re-scrub failed (1).
core.onlink = ones: offline post-mod scrub failed (1).
core.onlink = firstbit: online scrub didn't fail.
core.onlink = firstbit: offline re-scrub failed (1).
core.onlink = firstbit: offline post-mod scrub failed (1).
core.onlink = middlebit: online scrub didn't fail.
core.onlink = middlebit: offline re-scrub failed (1).
core.onlink = middlebit: offline post-mod scrub failed (1).
core.onlink = lastbit: online scrub didn't fail.
core.onlink = lastbit: offline re-scrub failed (1).
core.onlink = lastbit: offline post-mod scrub failed (1).
core.onlink = add: online scrub didn't fail.
core.onlink = add: offline re-scrub failed (1).
core.onlink = add: offline post-mod scrub failed (1).
core.onlink = sub: online scrub didn't fail.
core.onlink = sub: offline re-scrub failed (1).
core.onlink = sub: offline post-mod scrub failed (1).
core.nlinkv2 = zeroes: online repair failed (4).
core.nlinkv2 = zeroes: online re-scrub failed (4).
core.nlinkv2 = zeroes: offline re-scrub failed (1).
core.nlinkv2 = zeroes: online post-mod scrub failed (4).
core.nlinkv2 = zeroes: offline post-mod scrub failed (1).
core.nlinkv2 = lastbit: online repair failed (4).
core.nlinkv2 = lastbit: online re-scrub failed (4).
core.nlinkv2 = lastbit: offline re-scrub failed (1).
core.nlinkv2 = lastbit: online post-mod scrub failed (4).
core.nlinkv2 = lastbit: offline post-mod scrub failed (1).
core.forkoff = middlebit: online scrub didn't fail.
core.forkoff = lastbit: online scrub didn't fail.
core.aformat = zeroes: online scrub didn't fail.
core.aformat = zeroes: offline re-scrub failed (1).
core.aformat = zeroes: offline post-mod scrub failed (1).
core.filestream = ones: online scrub didn't fail.
core.filestream = firstbit: online scrub didn't fail.
core.filestream = middlebit: online scrub didn't fail.
core.filestream = lastbit: online scrub didn't fail.
core.filestream = add: online scrub didn't fail.
core.filestream = sub: online scrub didn't fail.
next_unlinked = add: online scrub didn't fail.
next_unlinked = add: offline re-scrub failed (1).
next_unlinked = add: offline post-mod scrub failed (1).
v3.change_count = zeroes: online scrub didn't fail.
v3.change_count = ones: online scrub didn't fail.
v3.change_count = firstbit: online scrub didn't fail.
v3.change_count = middlebit: online scrub didn't fail.
v3.change_count = lastbit: online scrub didn't fail.
v3.change_count = add: online scrub didn't fail.
v3.change_count = sub: online scrub didn't fail.
v3.flags2 = ones: offline re-scrub failed (1).
v3.flags2 = ones: offline post-mod scrub failed (1).
v3.flags2 = middlebit: online scrub didn't fail.
v3.flags2 = middlebit: offline re-scrub failed (1).
v3.flags2 = middlebit: offline post-mod scrub failed (1).
v3.flags2 = add: offline re-scrub failed (1).
v3.flags2 = add: offline post-mod scrub failed (1).
v3.flags2 = sub: offline re-scrub failed (1).
v3.flags2 = sub: offline post-mod scrub failed (1).
v3.nrext64 = zeroes: online scrub didn't fail.
v3.nrext64 = firstbit: online scrub didn't fail.
v3.nrext64 = middlebit: online scrub didn't fail.
v3.nrext64 = lastbit: online scrub didn't fail.
v3.nrext64 = add: online scrub didn't fail.
v3.nrext64 = sub: online scrub didn't fail.
u3.symlink = ones: online scrub didn't fail.
u3.symlink = firstbit: online scrub didn't fail.
u3.symlink = middlebit: online scrub didn't fail.
u3.symlink = lastbit: online scrub didn't fail.
u3.symlink = add: online scrub didn't fail.
u3.symlink = sub: online scrub didn't fail.
Done fuzzing inode
