QA output created by 467
Format and populate
Find btree-format file inode
Fuzz inode
core.mode = middlebit: offline scrub didn't fail.
core.mode = middlebit: online scrub didn't fail.
core.mode = lastbit: offline scrub didn't fail.
core.mode = lastbit: online scrub didn't fail.
core.mode = add: offline scrub didn't fail.
core.mode = add: online scrub didn't fail.
core.nlinkv2 = ones: online scrub didn't fail.
core.nlinkv2 = firstbit: online scrub didn't fail.
core.nlinkv2 = middlebit: online scrub didn't fail.
core.nlinkv2 = add: online scrub didn't fail.
core.nlinkv2 = sub: online scrub didn't fail.
core.onlink = ones: online scrub didn't fail.
core.onlink = firstbit: online scrub didn't fail.
core.onlink = middlebit: online scrub didn't fail.
core.onlink = lastbit: online scrub didn't fail.
core.onlink = add: online scrub didn't fail.
core.onlink = sub: online scrub didn't fail.
core.projid_lo = ones: online health check failed (0).
core.projid_lo = firstbit: online health check failed (0).
core.projid_lo = middlebit: online health check failed (0).
core.projid_lo = lastbit: online health check failed (0).
core.projid_lo = add: online health check failed (0).
core.projid_lo = sub: online health check failed (0).
core.projid_hi = ones: online health check failed (0).
core.projid_hi = firstbit: online health check failed (0).
core.projid_hi = middlebit: online health check failed (0).
core.projid_hi = lastbit: online health check failed (0).
core.projid_hi = add: online health check failed (0).
core.projid_hi = sub: online health check failed (0).
core.uid = ones: online health check failed (0).
core.uid = firstbit: online health check failed (0).
core.uid = middlebit: online health check failed (0).
core.uid = lastbit: online health check failed (0).
core.uid = add: online health check failed (0).
core.uid = sub: online health check failed (0).
core.gid = ones: online health check failed (0).
core.gid = firstbit: online health check failed (0).
core.gid = middlebit: online health check failed (0).
core.gid = lastbit: online health check failed (0).
core.gid = add: online health check failed (0).
core.gid = sub: online health check failed (0).
core.flushiter = ones: offline scrub didn't fail.
core.flushiter = ones: online scrub didn't fail.
core.flushiter = firstbit: offline scrub didn't fail.
core.flushiter = firstbit: online scrub didn't fail.
core.flushiter = middlebit: offline scrub didn't fail.
core.flushiter = middlebit: online scrub didn't fail.
core.flushiter = lastbit: offline scrub didn't fail.
core.flushiter = lastbit: online scrub didn't fail.
core.flushiter = add: offline scrub didn't fail.
core.flushiter = add: online scrub didn't fail.
core.flushiter = sub: offline scrub didn't fail.
core.flushiter = sub: online scrub didn't fail.
core.size = zeroes: offline scrub didn't fail.
core.size = zeroes: online scrub didn't fail.
core.size = middlebit: offline scrub didn't fail.
core.size = middlebit: online scrub didn't fail.
core.size = lastbit: offline scrub didn't fail.
core.size = lastbit: online scrub didn't fail.
core.size = add: offline scrub didn't fail.
core.size = add: online scrub didn't fail.
core.size = sub: offline scrub didn't fail.
core.size = sub: online scrub didn't fail.
core.aformat = zeroes: online scrub didn't fail.
core.dmevmask = ones: offline scrub didn't fail.
core.dmevmask = ones: online scrub didn't fail.
core.dmevmask = firstbit: offline scrub didn't fail.
core.dmevmask = firstbit: online scrub didn't fail.
core.dmevmask = middlebit: offline scrub didn't fail.
core.dmevmask = middlebit: online scrub didn't fail.
core.dmevmask = lastbit: offline scrub didn't fail.
core.dmevmask = lastbit: online scrub didn't fail.
core.dmevmask = add: offline scrub didn't fail.
core.dmevmask = add: online scrub didn't fail.
core.dmevmask = sub: offline scrub didn't fail.
core.dmevmask = sub: online scrub didn't fail.
core.dmstate = ones: offline scrub didn't fail.
core.dmstate = ones: online scrub didn't fail.
core.dmstate = firstbit: offline scrub didn't fail.
core.dmstate = firstbit: online scrub didn't fail.
core.dmstate = middlebit: offline scrub didn't fail.
core.dmstate = middlebit: online scrub didn't fail.
core.dmstate = lastbit: offline scrub didn't fail.
core.dmstate = lastbit: online scrub didn't fail.
core.dmstate = add: offline scrub didn't fail.
core.dmstate = add: online scrub didn't fail.
core.dmstate = sub: offline scrub didn't fail.
core.dmstate = sub: online scrub didn't fail.
core.prealloc = ones: offline scrub didn't fail.
core.prealloc = ones: online scrub didn't fail.
core.prealloc = firstbit: offline scrub didn't fail.
core.prealloc = firstbit: online scrub didn't fail.
core.prealloc = middlebit: offline scrub didn't fail.
core.prealloc = middlebit: online scrub didn't fail.
core.prealloc = lastbit: offline scrub didn't fail.
core.prealloc = lastbit: online scrub didn't fail.
core.prealloc = add: offline scrub didn't fail.
core.prealloc = add: online scrub didn't fail.
core.prealloc = sub: offline scrub didn't fail.
core.prealloc = sub: online scrub didn't fail.
core.immutable = ones: offline scrub didn't fail.
core.immutable = ones: online scrub didn't fail.
core.immutable = firstbit: offline scrub didn't fail.
core.immutable = firstbit: online scrub didn't fail.
core.immutable = middlebit: offline scrub didn't fail.
core.immutable = middlebit: online scrub didn't fail.
core.immutable = lastbit: offline scrub didn't fail.
core.immutable = lastbit: online scrub didn't fail.
core.immutable = add: offline scrub didn't fail.
core.immutable = add: online scrub didn't fail.
core.immutable = sub: offline scrub didn't fail.
core.immutable = sub: online scrub didn't fail.
core.append = ones: offline scrub didn't fail.
core.append = ones: online scrub didn't fail.
core.append = firstbit: offline scrub didn't fail.
core.append = firstbit: online scrub didn't fail.
core.append = middlebit: offline scrub didn't fail.
core.append = middlebit: online scrub didn't fail.
core.append = lastbit: offline scrub didn't fail.
core.append = lastbit: online scrub didn't fail.
core.append = add: offline scrub didn't fail.
core.append = add: online scrub didn't fail.
core.append = sub: offline scrub didn't fail.
core.append = sub: online scrub didn't fail.
core.sync = ones: offline scrub didn't fail.
core.sync = ones: online scrub didn't fail.
core.sync = firstbit: offline scrub didn't fail.
core.sync = firstbit: online scrub didn't fail.
core.sync = middlebit: offline scrub didn't fail.
core.sync = middlebit: online scrub didn't fail.
core.sync = lastbit: offline scrub didn't fail.
core.sync = lastbit: online scrub didn't fail.
core.sync = add: offline scrub didn't fail.
core.sync = add: online scrub didn't fail.
core.sync = sub: offline scrub didn't fail.
core.sync = sub: online scrub didn't fail.
core.noatime = ones: offline scrub didn't fail.
core.noatime = ones: online scrub didn't fail.
core.noatime = firstbit: offline scrub didn't fail.
core.noatime = firstbit: online scrub didn't fail.
core.noatime = middlebit: offline scrub didn't fail.
core.noatime = middlebit: online scrub didn't fail.
core.noatime = lastbit: offline scrub didn't fail.
core.noatime = lastbit: online scrub didn't fail.
core.noatime = add: offline scrub didn't fail.
core.noatime = add: online scrub didn't fail.
core.noatime = sub: offline scrub didn't fail.
core.noatime = sub: online scrub didn't fail.
core.nodump = ones: offline scrub didn't fail.
core.nodump = ones: online scrub didn't fail.
core.nodump = firstbit: offline scrub didn't fail.
core.nodump = firstbit: online scrub didn't fail.
core.nodump = middlebit: offline scrub didn't fail.
core.nodump = middlebit: online scrub didn't fail.
core.nodump = lastbit: offline scrub didn't fail.
core.nodump = lastbit: online scrub didn't fail.
core.nodump = add: offline scrub didn't fail.
core.nodump = add: online scrub didn't fail.
core.nodump = sub: offline scrub didn't fail.
core.nodump = sub: online scrub didn't fail.
core.nodefrag = ones: offline scrub didn't fail.
core.nodefrag = ones: online scrub didn't fail.
core.nodefrag = firstbit: offline scrub didn't fail.
core.nodefrag = firstbit: online scrub didn't fail.
core.nodefrag = middlebit: offline scrub didn't fail.
core.nodefrag = middlebit: online scrub didn't fail.
core.nodefrag = lastbit: offline scrub didn't fail.
core.nodefrag = lastbit: online scrub didn't fail.
core.nodefrag = add: offline scrub didn't fail.
core.nodefrag = add: online scrub didn't fail.
core.nodefrag = sub: offline scrub didn't fail.
core.nodefrag = sub: online scrub didn't fail.
core.filestream = ones: offline scrub didn't fail.
core.filestream = ones: online scrub didn't fail.
core.filestream = firstbit: offline scrub didn't fail.
core.filestream = firstbit: online scrub didn't fail.
core.filestream = middlebit: offline scrub didn't fail.
core.filestream = middlebit: online scrub didn't fail.
core.filestream = lastbit: offline scrub didn't fail.
core.filestream = lastbit: online scrub didn't fail.
core.filestream = add: offline scrub didn't fail.
core.filestream = add: online scrub didn't fail.
core.filestream = sub: offline scrub didn't fail.
core.filestream = sub: online scrub didn't fail.
core.gen = zeroes: offline scrub didn't fail.
core.gen = zeroes: online scrub didn't fail.
core.gen = ones: offline scrub didn't fail.
core.gen = ones: online scrub didn't fail.
core.gen = firstbit: offline scrub didn't fail.
core.gen = firstbit: online scrub didn't fail.
core.gen = middlebit: offline scrub didn't fail.
core.gen = middlebit: online scrub didn't fail.
core.gen = lastbit: offline scrub didn't fail.
core.gen = lastbit: online scrub didn't fail.
core.gen = add: offline scrub didn't fail.
core.gen = add: online scrub didn't fail.
core.gen = sub: offline scrub didn't fail.
core.gen = sub: online scrub didn't fail.
next_unlinked = add: online scrub didn't fail.
v3.change_count = zeroes: offline scrub didn't fail.
v3.change_count = zeroes: online scrub didn't fail.
v3.change_count = ones: offline scrub didn't fail.
v3.change_count = ones: online scrub didn't fail.
v3.change_count = firstbit: offline scrub didn't fail.
v3.change_count = firstbit: online scrub didn't fail.
v3.change_count = middlebit: offline scrub didn't fail.
v3.change_count = middlebit: online scrub didn't fail.
v3.change_count = lastbit: offline scrub didn't fail.
v3.change_count = lastbit: online scrub didn't fail.
v3.change_count = add: offline scrub didn't fail.
v3.change_count = add: online scrub didn't fail.
v3.change_count = sub: offline scrub didn't fail.
v3.change_count = sub: online scrub didn't fail.
v3.flags2 = firstbit: online scrub didn't fail.
v3.flags2 = middlebit: online scrub didn't fail.
v3.flags2 = lastbit: offline scrub didn't fail.
v3.flags2 = lastbit: online scrub didn't fail.
v3.flags2 = add: online scrub didn't fail.
v3.reflink = ones: offline scrub didn't fail.
v3.reflink = ones: online scrub didn't fail.
v3.reflink = firstbit: offline scrub didn't fail.
v3.reflink = firstbit: online scrub didn't fail.
v3.reflink = middlebit: offline scrub didn't fail.
v3.reflink = middlebit: online scrub didn't fail.
v3.reflink = lastbit: offline scrub didn't fail.
v3.reflink = lastbit: online scrub didn't fail.
v3.reflink = add: offline scrub didn't fail.
v3.reflink = add: online scrub didn't fail.
v3.reflink = sub: offline scrub didn't fail.
v3.reflink = sub: online scrub didn't fail.
v3.dax = ones: offline scrub didn't fail.
v3.dax = ones: online scrub didn't fail.
v3.dax = firstbit: offline scrub didn't fail.
v3.dax = firstbit: online scrub didn't fail.
v3.dax = middlebit: offline scrub didn't fail.
v3.dax = middlebit: online scrub didn't fail.
v3.dax = lastbit: offline scrub didn't fail.
v3.dax = lastbit: online scrub didn't fail.
v3.dax = add: offline scrub didn't fail.
v3.dax = add: online scrub didn't fail.
v3.dax = sub: offline scrub didn't fail.
v3.dax = sub: online scrub didn't fail.
Done fuzzing inode
