QA output created by 472
Format and populate
Find data-format dir block
Fuzz data-format dir block
dhdr.hdr.crc = zeroes: offline scrub didn't fail.
dhdr.hdr.crc = ones: offline scrub didn't fail.
dhdr.hdr.crc = firstbit: offline scrub didn't fail.
dhdr.hdr.crc = middlebit: offline scrub didn't fail.
dhdr.hdr.crc = lastbit: offline scrub didn't fail.
dhdr.hdr.crc = add: offline scrub didn't fail.
dhdr.hdr.crc = sub: offline scrub didn't fail.
Done fuzzing data-format dir block
