QA output created by 478
Format and populate
Find leaf-format attr block
Fuzz leaf-format attr block
online health check (0) with hdr.info.hdr.forw = ones.
online health check (0) with hdr.info.hdr.forw = firstbit.
online health check (0) with hdr.info.hdr.forw = middlebit.
online health check (0) with hdr.info.hdr.forw = lastbit.
online health check (0) with hdr.info.hdr.forw = add.
online health check (0) with hdr.info.hdr.forw = sub.
online health check (0) with hdr.info.hdr.back = ones.
online health check (0) with hdr.info.hdr.back = firstbit.
online health check (0) with hdr.info.hdr.back = middlebit.
online health check (0) with hdr.info.hdr.back = lastbit.
online health check (0) with hdr.info.hdr.back = add.
online health check (0) with hdr.info.hdr.back = sub.
online health check (0) with hdr.info.hdr.magic = zeroes.
online health check (0) with hdr.info.hdr.magic = ones.
online health check (0) with hdr.info.hdr.magic = firstbit.
online health check (0) with hdr.info.hdr.magic = middlebit.
online health check (0) with hdr.info.hdr.magic = lastbit.
online health check (0) with hdr.info.hdr.magic = add.
online health check (0) with hdr.info.hdr.magic = sub.
online health check (0) with hdr.info.crc = zeroes.
online health check (0) with hdr.info.crc = ones.
online health check (0) with hdr.info.crc = firstbit.
online health check (0) with hdr.info.crc = middlebit.
online health check (0) with hdr.info.crc = lastbit.
online health check (0) with hdr.info.crc = add.
online health check (0) with hdr.info.crc = sub.
online health check (0) with hdr.info.bno = zeroes.
online health check (0) with hdr.info.bno = ones.
online health check (0) with hdr.info.bno = firstbit.
online health check (0) with hdr.info.bno = middlebit.
online health check (0) with hdr.info.bno = lastbit.
online health check (0) with hdr.info.bno = add.
online health check (0) with hdr.info.bno = sub.
online health check (0) with hdr.info.uuid = zeroes.
online health check (0) with hdr.info.uuid = ones.
online health check (0) with hdr.info.uuid = firstbit.
online health check (0) with hdr.info.uuid = middlebit.
online health check (0) with hdr.info.uuid = lastbit.
online health check (0) with hdr.info.owner = zeroes.
online health check (0) with hdr.info.owner = ones.
online health check (0) with hdr.info.owner = firstbit.
online health check (0) with hdr.info.owner = middlebit.
online health check (0) with hdr.info.owner = lastbit.
online health check (0) with hdr.info.owner = add.
online health check (0) with hdr.info.owner = sub.
online health check (0) with hdr.count = zeroes.
online health check (0) with hdr.count = ones.
online health check (0) with hdr.count = firstbit.
online health check (0) with hdr.count = middlebit.
online health check (0) with hdr.count = lastbit.
online health check (0) with hdr.count = add.
online health check (0) with hdr.count = sub.
online health check (0) with hdr.usedbytes = zeroes.
online health check (0) with hdr.usedbytes = ones.
online health check (0) with hdr.usedbytes = firstbit.
online health check (0) with hdr.usedbytes = middlebit.
online health check (0) with hdr.usedbytes = lastbit.
online health check (0) with hdr.usedbytes = add.
online health check (0) with hdr.usedbytes = sub.
online health check (0) with hdr.firstused = zeroes.
online health check (0) with hdr.firstused = ones.
online health check (0) with hdr.firstused = firstbit.
online health check (0) with hdr.firstused = middlebit.
online health check (0) with hdr.firstused = lastbit.
online health check (0) with hdr.firstused = add.
online health check (0) with hdr.firstused = sub.
online health check (0) with hdr.holes = ones.
online health check (0) with hdr.holes = firstbit.
online health check (0) with hdr.holes = middlebit.
online health check (0) with hdr.holes = lastbit.
online health check (0) with hdr.holes = add.
online health check (0) with hdr.holes = sub.
online health check (0) with hdr.freemap[0].base = zeroes.
online health check (0) with hdr.freemap[0].base = ones.
online health check (0) with hdr.freemap[0].base = firstbit.
online health check (0) with hdr.freemap[0].base = middlebit.
online health check (0) with hdr.freemap[0].base = lastbit.
online health check (0) with hdr.freemap[0].base = add.
online health check (0) with hdr.freemap[0].base = sub.
online health check (0) with hdr.freemap[0].size = zeroes.
online health check (0) with hdr.freemap[0].size = ones.
online health check (0) with hdr.freemap[0].size = firstbit.
online health check (0) with hdr.freemap[0].size = middlebit.
online health check (0) with hdr.freemap[0].size = lastbit.
online health check (0) with hdr.freemap[0].size = add.
online health check (0) with hdr.freemap[0].size = sub.
online health check (0) with entries[0].hashval = zeroes.
online health check (0) with entries[0].hashval = ones.
online health check (0) with entries[0].hashval = firstbit.
online health check (0) with entries[0].hashval = middlebit.
online health check (0) with entries[0].hashval = lastbit.
online health check (0) with entries[0].hashval = add.
online health check (0) with entries[0].hashval = sub.
online health check (0) with entries[0].nameidx = zeroes.
online health check (0) with entries[0].nameidx = ones.
online health check (0) with entries[0].nameidx = firstbit.
online health check (0) with entries[0].nameidx = middlebit.
online health check (0) with entries[0].nameidx = lastbit.
online health check (0) with entries[0].nameidx = add.
online health check (0) with entries[0].nameidx = sub.
online health check (0) with entries[0].incomplete = ones.
online health check (0) with entries[0].incomplete = firstbit.
online health check (0) with entries[0].incomplete = middlebit.
online health check (0) with entries[0].incomplete = lastbit.
online health check (0) with entries[0].incomplete = add.
online health check (0) with entries[0].incomplete = sub.
online health check (0) with entries[0].root = ones.
online health check (0) with entries[0].root = firstbit.
online health check (0) with entries[0].root = middlebit.
online health check (0) with entries[0].root = lastbit.
online health check (0) with entries[0].root = add.
online health check (0) with entries[0].root = sub.
online health check (0) with entries[0].secure = ones.
online health check (0) with entries[0].secure = firstbit.
online health check (0) with entries[0].secure = middlebit.
online health check (0) with entries[0].secure = lastbit.
online health check (0) with entries[0].secure = add.
online health check (0) with entries[0].secure = sub.
online health check (0) with entries[0].local = zeroes.
online health check (0) with entries[0].local = firstbit.
online health check (0) with entries[0].local = middlebit.
online health check (0) with entries[0].local = lastbit.
online health check (0) with entries[0].local = add.
online health check (0) with entries[0].local = sub.
online health check (0) with nvlist[0].valuelen = zeroes.
online health check (0) with nvlist[0].valuelen = ones.
online health check (0) with nvlist[0].valuelen = firstbit.
online health check (0) with nvlist[0].valuelen = middlebit.
online health check (0) with nvlist[0].valuelen = lastbit.
online health check (0) with nvlist[0].valuelen = add.
online health check (0) with nvlist[0].valuelen = sub.
online health check (0) with nvlist[0].namelen = zeroes.
online health check (0) with nvlist[0].namelen = ones.
online health check (0) with nvlist[0].namelen = firstbit.
online health check (0) with nvlist[0].namelen = middlebit.
online health check (0) with nvlist[0].namelen = lastbit.
online health check (0) with nvlist[0].namelen = add.
online health check (0) with nvlist[0].namelen = sub.
online health check (0) with nvlist[0].name = zeroes.
online health check (0) with nvlist[0].name = ones.
online health check (0) with nvlist[0].name = firstbit.
online health check (0) with nvlist[0].name = middlebit.
online health check (0) with nvlist[0].name = lastbit.
online health check (0) with nvlist[0].name = add.
online health check (0) with nvlist[0].name = sub.
online health check (0) with nvlist[0].value = zeroes.
online health check (0) with nvlist[0].value = ones.
online health check (0) with nvlist[0].value = firstbit.
online health check (0) with nvlist[0].value = middlebit.
online health check (0) with nvlist[0].value = lastbit.
online health check (0) with nvlist[0].value = add.
online health check (0) with nvlist[0].value = sub.
online health check (0) with nvlist[1].valuelen = zeroes.
online health check (0) with nvlist[1].valuelen = ones.
online health check (0) with nvlist[1].valuelen = firstbit.
online health check (0) with nvlist[1].valuelen = middlebit.
online health check (0) with nvlist[1].valuelen = lastbit.
online health check (0) with nvlist[1].valuelen = add.
online health check (0) with nvlist[1].valuelen = sub.
online health check (0) with nvlist[1].namelen = zeroes.
online health check (0) with nvlist[1].namelen = ones.
online health check (0) with nvlist[1].namelen = firstbit.
online health check (0) with nvlist[1].namelen = middlebit.
online health check (0) with nvlist[1].namelen = lastbit.
online health check (0) with nvlist[1].namelen = add.
online health check (0) with nvlist[1].namelen = sub.
online health check (0) with nvlist[1].name = zeroes.
online health check (0) with nvlist[1].name = ones.
online health check (0) with nvlist[1].name = firstbit.
online health check (0) with nvlist[1].name = middlebit.
online health check (0) with nvlist[1].name = lastbit.
online health check (0) with nvlist[1].name = add.
online health check (0) with nvlist[1].name = sub.
online health check (0) with nvlist[1].value = zeroes.
online health check (0) with nvlist[1].value = ones.
online health check (0) with nvlist[1].value = firstbit.
online health check (0) with nvlist[1].value = middlebit.
online health check (0) with nvlist[1].value = lastbit.
online health check (0) with nvlist[1].value = add.
online health check (0) with nvlist[1].value = sub.
online health check (0) with nvlist[2].valuelen = zeroes.
online health check (0) with nvlist[2].valuelen = ones.
online health check (0) with nvlist[2].valuelen = firstbit.
online health check (0) with nvlist[2].valuelen = middlebit.
online health check (0) with nvlist[2].valuelen = lastbit.
online health check (0) with nvlist[2].valuelen = add.
online health check (0) with nvlist[2].valuelen = sub.
online health check (0) with nvlist[2].namelen = zeroes.
online health check (0) with nvlist[2].namelen = ones.
online health check (0) with nvlist[2].namelen = firstbit.
online health check (0) with nvlist[2].namelen = middlebit.
online health check (0) with nvlist[2].namelen = lastbit.
online health check (0) with nvlist[2].namelen = add.
online health check (0) with nvlist[2].namelen = sub.
online health check (0) with nvlist[2].name = zeroes.
online health check (0) with nvlist[2].name = ones.
online health check (0) with nvlist[2].name = firstbit.
online health check (0) with nvlist[2].name = middlebit.
online health check (0) with nvlist[2].name = lastbit.
online health check (0) with nvlist[2].name = add.
online health check (0) with nvlist[2].name = sub.
online health check (0) with nvlist[2].value = zeroes.
online health check (0) with nvlist[2].value = ones.
online health check (0) with nvlist[2].value = firstbit.
online health check (0) with nvlist[2].value = middlebit.
online health check (0) with nvlist[2].value = lastbit.
online health check (0) with nvlist[2].value = add.
online health check (0) with nvlist[2].value = sub.
online health check (0) with nvlist[3].valuelen = zeroes.
online health check (0) with nvlist[3].valuelen = ones.
online health check (0) with nvlist[3].valuelen = firstbit.
online health check (0) with nvlist[3].valuelen = middlebit.
online health check (0) with nvlist[3].valuelen = lastbit.
online health check (0) with nvlist[3].valuelen = add.
online health check (0) with nvlist[3].valuelen = sub.
online health check (0) with nvlist[3].namelen = zeroes.
online health check (0) with nvlist[3].namelen = ones.
online health check (0) with nvlist[3].namelen = firstbit.
online health check (0) with nvlist[3].namelen = middlebit.
online health check (0) with nvlist[3].namelen = lastbit.
online health check (0) with nvlist[3].namelen = add.
online health check (0) with nvlist[3].namelen = sub.
online health check (0) with nvlist[3].name = zeroes.
online health check (0) with nvlist[3].name = ones.
online health check (0) with nvlist[3].name = firstbit.
online health check (0) with nvlist[3].name = middlebit.
online health check (0) with nvlist[3].name = lastbit.
online health check (0) with nvlist[3].name = add.
online health check (0) with nvlist[3].name = sub.
online health check (0) with nvlist[3].value = zeroes.
online health check (0) with nvlist[3].value = ones.
online health check (0) with nvlist[3].value = firstbit.
online health check (0) with nvlist[3].value = middlebit.
online health check (0) with nvlist[3].value = lastbit.
online health check (0) with nvlist[3].value = add.
online health check (0) with nvlist[3].value = sub.
online health check (0) with nvlist[4].valuelen = zeroes.
online health check (0) with nvlist[4].valuelen = ones.
online health check (0) with nvlist[4].valuelen = firstbit.
online health check (0) with nvlist[4].valuelen = middlebit.
online health check (0) with nvlist[4].valuelen = lastbit.
online health check (0) with nvlist[4].valuelen = add.
online health check (0) with nvlist[4].valuelen = sub.
online health check (0) with nvlist[4].namelen = zeroes.
online health check (0) with nvlist[4].namelen = ones.
online health check (0) with nvlist[4].namelen = firstbit.
online health check (0) with nvlist[4].namelen = middlebit.
online health check (0) with nvlist[4].namelen = lastbit.
online health check (0) with nvlist[4].namelen = add.
online health check (0) with nvlist[4].namelen = sub.
online health check (0) with nvlist[4].name = zeroes.
online health check (0) with nvlist[4].name = ones.
online health check (0) with nvlist[4].name = firstbit.
online health check (0) with nvlist[4].name = middlebit.
online health check (0) with nvlist[4].name = lastbit.
online health check (0) with nvlist[4].name = add.
online health check (0) with nvlist[4].name = sub.
online health check (0) with nvlist[4].value = zeroes.
online health check (0) with nvlist[4].value = ones.
online health check (0) with nvlist[4].value = firstbit.
online health check (0) with nvlist[4].value = middlebit.
online health check (0) with nvlist[4].value = lastbit.
online health check (0) with nvlist[4].value = add.
online health check (0) with nvlist[4].value = sub.
online health check (0) with nvlist[5].valuelen = zeroes.
online health check (0) with nvlist[5].valuelen = ones.
online health check (0) with nvlist[5].valuelen = firstbit.
online health check (0) with nvlist[5].valuelen = middlebit.
online health check (0) with nvlist[5].valuelen = lastbit.
online health check (0) with nvlist[5].valuelen = add.
online health check (0) with nvlist[5].valuelen = sub.
online health check (0) with nvlist[5].namelen = zeroes.
online health check (0) with nvlist[5].namelen = ones.
online health check (0) with nvlist[5].namelen = firstbit.
online health check (0) with nvlist[5].namelen = middlebit.
online health check (0) with nvlist[5].namelen = lastbit.
online health check (0) with nvlist[5].namelen = add.
online health check (0) with nvlist[5].namelen = sub.
online health check (0) with nvlist[5].name = zeroes.
online health check (0) with nvlist[5].name = ones.
online health check (0) with nvlist[5].name = firstbit.
online health check (0) with nvlist[5].name = middlebit.
online health check (0) with nvlist[5].name = lastbit.
online health check (0) with nvlist[5].name = add.
online health check (0) with nvlist[5].name = sub.
online health check (0) with nvlist[5].value = zeroes.
online health check (0) with nvlist[5].value = ones.
online health check (0) with nvlist[5].value = firstbit.
online health check (0) with nvlist[5].value = middlebit.
online health check (0) with nvlist[5].value = lastbit.
online health check (0) with nvlist[5].value = add.
online health check (0) with nvlist[5].value = sub.
online health check (0) with nvlist[6].valuelen = zeroes.
online health check (0) with nvlist[6].valuelen = ones.
online health check (0) with nvlist[6].valuelen = firstbit.
online health check (0) with nvlist[6].valuelen = middlebit.
online health check (0) with nvlist[6].valuelen = lastbit.
online health check (0) with nvlist[6].valuelen = add.
online health check (0) with nvlist[6].valuelen = sub.
online health check (0) with nvlist[6].namelen = zeroes.
online health check (0) with nvlist[6].namelen = ones.
online health check (0) with nvlist[6].namelen = firstbit.
online health check (0) with nvlist[6].namelen = middlebit.
online health check (0) with nvlist[6].namelen = lastbit.
online health check (0) with nvlist[6].namelen = add.
online health check (0) with nvlist[6].namelen = sub.
online health check (0) with nvlist[6].name = zeroes.
online health check (0) with nvlist[6].name = ones.
online health check (0) with nvlist[6].name = firstbit.
online health check (0) with nvlist[6].name = middlebit.
online health check (0) with nvlist[6].name = lastbit.
online health check (0) with nvlist[6].name = add.
online health check (0) with nvlist[6].name = sub.
online health check (0) with nvlist[6].value = zeroes.
online health check (0) with nvlist[6].value = ones.
online health check (0) with nvlist[6].value = firstbit.
online health check (0) with nvlist[6].value = middlebit.
online health check (0) with nvlist[6].value = lastbit.
online health check (0) with nvlist[6].value = add.
online health check (0) with nvlist[6].value = sub.
online health check (0) with nvlist[7].valuelen = zeroes.
online health check (0) with nvlist[7].valuelen = ones.
online health check (0) with nvlist[7].valuelen = firstbit.
online health check (0) with nvlist[7].valuelen = middlebit.
online health check (0) with nvlist[7].valuelen = lastbit.
online health check (0) with nvlist[7].valuelen = add.
online health check (0) with nvlist[7].valuelen = sub.
online health check (0) with nvlist[7].namelen = zeroes.
online health check (0) with nvlist[7].namelen = ones.
online health check (0) with nvlist[7].namelen = firstbit.
online health check (0) with nvlist[7].namelen = middlebit.
online health check (0) with nvlist[7].namelen = lastbit.
online health check (0) with nvlist[7].namelen = add.
online health check (0) with nvlist[7].namelen = sub.
online health check (0) with nvlist[7].name = zeroes.
online health check (0) with nvlist[7].name = ones.
online health check (0) with nvlist[7].name = firstbit.
online health check (0) with nvlist[7].name = middlebit.
online health check (0) with nvlist[7].name = lastbit.
online health check (0) with nvlist[7].name = add.
online health check (0) with nvlist[7].name = sub.
online health check (0) with nvlist[7].value = zeroes.
online health check (0) with nvlist[7].value = ones.
online health check (0) with nvlist[7].value = firstbit.
online health check (0) with nvlist[7].value = middlebit.
online health check (0) with nvlist[7].value = lastbit.
online health check (0) with nvlist[7].value = add.
online health check (0) with nvlist[7].value = sub.
online health check (0) with nvlist[8].valuelen = zeroes.
online health check (0) with nvlist[8].valuelen = ones.
online health check (0) with nvlist[8].valuelen = firstbit.
online health check (0) with nvlist[8].valuelen = middlebit.
online health check (0) with nvlist[8].valuelen = lastbit.
online health check (0) with nvlist[8].valuelen = add.
online health check (0) with nvlist[8].valuelen = sub.
online health check (0) with nvlist[8].namelen = zeroes.
online health check (0) with nvlist[8].namelen = ones.
online health check (0) with nvlist[8].namelen = firstbit.
online health check (0) with nvlist[8].namelen = middlebit.
online health check (0) with nvlist[8].namelen = lastbit.
online health check (0) with nvlist[8].namelen = add.
online health check (0) with nvlist[8].namelen = sub.
online health check (0) with nvlist[8].name = zeroes.
online health check (0) with nvlist[8].name = ones.
online health check (0) with nvlist[8].name = firstbit.
online health check (0) with nvlist[8].name = middlebit.
online health check (0) with nvlist[8].name = lastbit.
online health check (0) with nvlist[8].name = add.
online health check (0) with nvlist[8].name = sub.
online health check (0) with nvlist[8].value = zeroes.
online health check (0) with nvlist[8].value = ones.
online health check (0) with nvlist[8].value = firstbit.
online health check (0) with nvlist[8].value = middlebit.
online health check (0) with nvlist[8].value = lastbit.
online health check (0) with nvlist[8].value = add.
online health check (0) with nvlist[8].value = sub.
online health check (0) with nvlist[9].valuelen = zeroes.
online health check (0) with nvlist[9].valuelen = ones.
online health check (0) with nvlist[9].valuelen = firstbit.
online health check (0) with nvlist[9].valuelen = middlebit.
online health check (0) with nvlist[9].valuelen = lastbit.
online health check (0) with nvlist[9].valuelen = add.
online health check (0) with nvlist[9].valuelen = sub.
online health check (0) with nvlist[9].namelen = zeroes.
online health check (0) with nvlist[9].namelen = ones.
online health check (0) with nvlist[9].namelen = firstbit.
online health check (0) with nvlist[9].namelen = middlebit.
online health check (0) with nvlist[9].namelen = lastbit.
online health check (0) with nvlist[9].namelen = add.
online health check (0) with nvlist[9].namelen = sub.
online health check (0) with nvlist[9].name = zeroes.
online health check (0) with nvlist[9].name = ones.
online health check (0) with nvlist[9].name = firstbit.
online health check (0) with nvlist[9].name = middlebit.
online health check (0) with nvlist[9].name = lastbit.
online health check (0) with nvlist[9].name = add.
online health check (0) with nvlist[9].name = sub.
online health check (0) with nvlist[9].value = zeroes.
online health check (0) with nvlist[9].value = ones.
online health check (0) with nvlist[9].value = firstbit.
online health check (0) with nvlist[9].value = middlebit.
online health check (0) with nvlist[9].value = lastbit.
online health check (0) with nvlist[9].value = add.
online health check (0) with nvlist[9].value = sub.
Done fuzzing leaf-format attr block
