QA output created by 601
Format and populate
copy
recopy
