QA output created by 726
Format and populate
Concurrent repair
Test done
