QA output created by 740
Format and populate
metadump
metadump a
metadump g
metadump ag
copy
recopy
mdrestore
mdrestore a
mdrestore g
mdrestore ag
