QA output created by 762
Format and populate
Concurrent scrub
Test done
