QA output created by 768
FEATURES: NEEDSREPAIR:YES
mount: SCRATCH_MNT: mount(2) system call failed: Structure needs cleaning.
FEATURES: NEEDSREPAIR:NO
