QA output created by 776
Format and mount
Misconfigure the root directory
Detect misconfigured directory
Repair misconfigured directory
