QA output created by 791
310f146ce52077fcd3308dcbe7632bb2  SCRATCH_MNT/a
c9fb827e2e3e579dc2a733ddad486d1d  SCRATCH_MNT/b
swap
exchangerange: Input/output error
e9cbfe8489a68efaa5fcf40cf3106118  SCRATCH_MNT/a
faf8ed02a5b0638096a817abcc6c2127  SCRATCH_MNT/b
