QA output created by 908
7956915742
Silence is golden.
