QA output created by 913
Blocks grace time: [0 days 05:00:00]
Inodes grace time: [0 days 05:00:00]
Realtime Blocks grace time: [0 days 05:00:00]
Blocks grace time: [0 days 05:00:00]
Inodes grace time: [0 days 05:00:00]
Realtime Blocks grace time: [0 days 05:00:00]
Blocks grace time: [0 days 05:00:00]
Inodes grace time: [0 days 05:00:00]
Realtime Blocks grace time: [0 days 05:00:00]
Blocks grace time: [0 days 05:00:00]
Inodes grace time: [0 days 05:00:00]
Realtime Blocks grace time: [0 days 05:00:00]
