QA output created by 919
Format filesystem and populate
924a97fdaa2ab30e2768081469e728a7  SCRATCH_MNT/a
pwrite 1 byte in the middle
924a97fdaa2ab30e2768081469e728a7  SCRATCH_MNT/a
ea0b05f13c8cce703accaffe56d59bd3  SCRATCH_MNT/b
mwrite 1 byte in the middle
924a97fdaa2ab30e2768081469e728a7  SCRATCH_MNT/a
ea0b05f13c8cce703accaffe56d59bd3  SCRATCH_MNT/c
fzero 1 byte in the middle
924a97fdaa2ab30e2768081469e728a7  SCRATCH_MNT/a
ea0b05f13c8cce703accaffe56d59bd3  SCRATCH_MNT/d
fpunch 1 byte in the middle
924a97fdaa2ab30e2768081469e728a7  SCRATCH_MNT/a
ea0b05f13c8cce703accaffe56d59bd3  SCRATCH_MNT/e
funshare 1 byte in the middle
924a97fdaa2ab30e2768081469e728a7  SCRATCH_MNT/a
924a97fdaa2ab30e2768081469e728a7  SCRATCH_MNT/f
pwrite 1 block in the middle
924a97fdaa2ab30e2768081469e728a7  SCRATCH_MNT/a
2a508e23efc80e468efa7004fd8a1839  SCRATCH_MNT/g
mwrite 1 block in the middle
924a97fdaa2ab30e2768081469e728a7  SCRATCH_MNT/a
2a508e23efc80e468efa7004fd8a1839  SCRATCH_MNT/h
fzero 1 block in the middle
924a97fdaa2ab30e2768081469e728a7  SCRATCH_MNT/a
2a508e23efc80e468efa7004fd8a1839  SCRATCH_MNT/i
fpunch 1 block in the middle
924a97fdaa2ab30e2768081469e728a7  SCRATCH_MNT/a
2a508e23efc80e468efa7004fd8a1839  SCRATCH_MNT/j
funshare 1 block in the middle
924a97fdaa2ab30e2768081469e728a7  SCRATCH_MNT/a
924a97fdaa2ab30e2768081469e728a7  SCRATCH_MNT/k
pwrite 1 extent in the middle
924a97fdaa2ab30e2768081469e728a7  SCRATCH_MNT/a
352abe71b0d40f194b9d701750b0d7f3  SCRATCH_MNT/l
mwrite 1 extent in the middle
924a97fdaa2ab30e2768081469e728a7  SCRATCH_MNT/a
352abe71b0d40f194b9d701750b0d7f3  SCRATCH_MNT/m
fzero 1 extent in the middle
924a97fdaa2ab30e2768081469e728a7  SCRATCH_MNT/a
352abe71b0d40f194b9d701750b0d7f3  SCRATCH_MNT/n
fpunch 1 extent in the middle
924a97fdaa2ab30e2768081469e728a7  SCRATCH_MNT/a
352abe71b0d40f194b9d701750b0d7f3  SCRATCH_MNT/o
funshare 1 extent in the middle
924a97fdaa2ab30e2768081469e728a7  SCRATCH_MNT/a
924a97fdaa2ab30e2768081469e728a7  SCRATCH_MNT/p
fcollapse 1 extent in the middle
924a97fdaa2ab30e2768081469e728a7  SCRATCH_MNT/a
b0581637c15320958874ef3f082111da  SCRATCH_MNT/q
finsert 1 extent in the middle
924a97fdaa2ab30e2768081469e728a7  SCRATCH_MNT/a
a7359d0c100367c2cd430be334dffbd3  SCRATCH_MNT/r
copy unwritten blocks in large rtext
924a97fdaa2ab30e2768081469e728a7  SCRATCH_MNT/a
bff4e0a70430429c92d6139065e6949b  SCRATCH_MNT/s
924a97fdaa2ab30e2768081469e728a7  SCRATCH_MNT/a
bff4e0a70430429c92d6139065e6949b  SCRATCH_MNT/t
test writing to shared unwritten extent
924a97fdaa2ab30e2768081469e728a7  SCRATCH_MNT/a
bff4e0a70430429c92d6139065e6949b  SCRATCH_MNT/u
Remount and recheck
924a97fdaa2ab30e2768081469e728a7  SCRATCH_MNT/a
ea0b05f13c8cce703accaffe56d59bd3  SCRATCH_MNT/b
ea0b05f13c8cce703accaffe56d59bd3  SCRATCH_MNT/c
ea0b05f13c8cce703accaffe56d59bd3  SCRATCH_MNT/d
ea0b05f13c8cce703accaffe56d59bd3  SCRATCH_MNT/e
924a97fdaa2ab30e2768081469e728a7  SCRATCH_MNT/f
2a508e23efc80e468efa7004fd8a1839  SCRATCH_MNT/g
2a508e23efc80e468efa7004fd8a1839  SCRATCH_MNT/h
2a508e23efc80e468efa7004fd8a1839  SCRATCH_MNT/i
2a508e23efc80e468efa7004fd8a1839  SCRATCH_MNT/j
924a97fdaa2ab30e2768081469e728a7  SCRATCH_MNT/k
352abe71b0d40f194b9d701750b0d7f3  SCRATCH_MNT/l
352abe71b0d40f194b9d701750b0d7f3  SCRATCH_MNT/m
352abe71b0d40f194b9d701750b0d7f3  SCRATCH_MNT/n
352abe71b0d40f194b9d701750b0d7f3  SCRATCH_MNT/o
924a97fdaa2ab30e2768081469e728a7  SCRATCH_MNT/p
b0581637c15320958874ef3f082111da  SCRATCH_MNT/q
a7359d0c100367c2cd430be334dffbd3  SCRATCH_MNT/r
bff4e0a70430429c92d6139065e6949b  SCRATCH_MNT/s
bff4e0a70430429c92d6139065e6949b  SCRATCH_MNT/t
bff4e0a70430429c92d6139065e6949b  SCRATCH_MNT/u
